WD 12345678 00000000 50000 ***
ES 00000000 00000000 000 ***