WD 00000000 12345678 100 ***
ES 00000000 00000000 000 ***
