TR 12345678 23456789 100001 ***
ES 00000000 00000000 000 ***