DL 12345678 00000000 000 calvin
ES 00000000 00000000 000 ***