WD 00000000 12345678 50000 ***
WD 00000000 23456789 60000 ***
ES 00000000 00000000 000 ***