DE 12345678 00000000 100 ***
ES 00000000 00000000 000 ***